=== 1. 测试状态 ===
服务状态: running
站点: 36, 线路: 5, 班次: 86

=== 2. 测试站点列表 ===
  S001: Central East Station
  S002: Central South Station
  S003: Central West Station
  S004: Central North Station
  S005: Central Mid Station

=== 3. 测试线路列表 ===
  R001: 1路 - 东西干线
  R002: 2路 - 南北干线
  R003: 3路 - 对角线
  R004: 4路 - 环线
  R005: 5路 - 市郊线

=== 4. 测试换乘查询 ===
查询时间: 2026-06-09 08:30

从 Central East Station 到 Suburb New Station
找到 4 个换乘方案:

  --- 方案 1 (评分: 3960.0) ---
  总耗时: 66 分钟
  换乘次数: 0
  步行时间: 0 分钟
  1. [乘车] 4路 Central East Station(09:30:15) → Suburb New Station(09:36:00) (5分钟)

  --- 方案 2 (评分: 4260.0) ---
  总耗时: 66 分钟
  换乘次数: 1
  步行时间: 0 分钟
  1. [乘车] 1路 Central East Station(08:30:15) → Central New Station(08:45:00) (14分钟)
  2. [乘车] 4路 Central New Station(09:33:15) → Suburb New Station(09:36:00) (2分钟)

  --- 方案 3 (评分: 4260.0) ---
  总耗时: 66 分钟
  换乘次数: 1
  步行时间: 0 分钟
  1. [乘车] 1路 Central East Station(08:30:15) → Central South Station(08:33:00) (2分钟)
  2. [乘车] 1路 Central South Station(08:42:15) → Central East Station(08:45:00) (2分钟)
  3. [乘车] 4路 Central East Station(09:30:15) → Suburb New Station(09:36:00) (5分钟)

  --- 方案 4 (评分: 11460.0) ---
  总耗时: 186 分钟
  换乘次数: 1
  步行时间: 0 分钟
  1. [乘车] 1路 Central East Station(08:30:15) → Central South Station(08:33:00) (2分钟)
  2. [乘车] 1路 Central South Station(08:42:15) → Central East Station(08:45:00) (2分钟)
  3. [乘车] 4路 Central East Station(09:30:15) → Suburb East Station(09:33:00) (2分钟)
  4. [乘车] 4路 Suburb East Station(11:33:15) → Suburb New Station(11:36:00) (2分钟)

=== 5. 测试数据校验 ===
校验错误数: 22
  [orphaned_shape] Shape shp_001 is not referenced by any trip
  [orphaned_shape] Shape shp_002 is not referenced by any trip
  [orphaned_shape] Shape shp_003 is not referenced by any trip
  [orphaned_shape] Shape shp_004 is not referenced by any trip
  [orphaned_shape] Shape shp_005 is not referenced by any trip

=== 测试完成 ===
